[debug] [2026-10-03T11:55:47.090Z] ----------------------------------------------------------------------
[debug] [2026-10-03T11:55:47.093Z] Command:       D:\Softwares\Developer Softwares\node.exe C:\Users\offic\AppData\Local\npm-cache\_npx\ba4f1959e38407b5\node_modules\firebase-tools\lib\bin\firebase.js deploy --only firestore:rules,database
[debug] [2026-10-03T11:55:47.093Z] CLI Version:   15.32.1
[debug] [2026-10-03T11:55:47.093Z] Platform:      win32
[debug] [2026-10-03T11:55:47.093Z] Node Version:  v24.18.0
[debug] [2026-10-03T11:55:47.093Z] Detected Agent: antigravity
[debug] [2026-10-03T11:55:47.093Z] Time:          Sat Oct 03 2026 17:25:47 GMT+0530 (India Standard Time)
[debug] [2026-10-03T11:55:47.094Z] ----------------------------------------------------------------------
[debug] 
[debug] [2026-10-03T11:55:47.107Z] >>> [apiv2][query] GET https://firebase-public.firebaseio.com/cli.json [none]
[debug] [2026-10-03T11:55:50.867Z] > command requires scopes: ["email","openid","https://www.googleapis.com/auth/cloudplatformprojects.readonly","https://www.googleapis.com/auth/firebase","https://www.googleapis.com/auth/cloud-platform"]
[debug] [2026-10-03T11:55:50.867Z] > authorizing via signed-in user (officialhaadi81@gmail.com)
[debug] [2026-10-03T11:55:50.868Z] [iam] checking project squirrel-4f5a6 for permissions ["datastore.indexes.create","datastore.indexes.delete","datastore.indexes.list","datastore.indexes.update","firebase.projects.get","firebasedatabase.instances.update"]
[debug] [2026-10-03T11:55:50.869Z] Checked if tokens are valid: false, expires at: 1790981617778
[debug] [2026-10-03T11:55:50.869Z] Checked if tokens are valid: false, expires at: 1790981617778
[debug] [2026-10-03T11:55:50.869Z] > refreshing access token with scopes: []
[debug] [2026-10-03T11:55:50.871Z] >>> [apiv2][query] POST https://www.googleapis.com/oauth2/v3/token [none]
[debug] [2026-10-03T11:55:50.871Z] >>> [apiv2][body] POST https://www.googleapis.com/oauth2/v3/token [omitted]
[debug] [2026-10-03T11:55:51.171Z] <<< [apiv2][status] POST https://www.googleapis.com/oauth2/v3/token 200
[debug] [2026-10-03T11:55:51.171Z] <<< [apiv2][body] POST https://www.googleapis.com/oauth2/v3/token [omitted]
[debug] [2026-10-03T11:55:51.182Z] >>> [apiv2][query] POST https://cloudresourcemanager.googleapis.com/v1/projects/squirrel-4f5a6:testIamPermissions [none]
[debug] [2026-10-03T11:55:51.182Z] >>> [apiv2][(partial)header] POST https://cloudresourcemanager.googleapis.com/v1/projects/squirrel-4f5a6:testIamPermissions  x-goog-user-project=squirrel-4f5a6
[debug] [2026-10-03T11:55:51.182Z] >>> [apiv2][body] POST https://cloudresourcemanager.googleapis.com/v1/projects/squirrel-4f5a6:testIamPermissions {"permissions":["datastore.indexes.create","datastore.indexes.delete","datastore.indexes.list","datastore.indexes.update","firebase.projects.get","firebasedatabase.instances.update"]}
